2026-06-02 15:03:43,297 [INFO] 程序启动
2026-06-02 15:03:43,309 [INFO] 读取持仓成功，共 4 条启用持仓
2026-06-02 15:05:04,767 [ERROR] AKShare A股行情获取失败: HTTPSConnectionPool(host='82.push2.eastmoney.com', port=443): Max retries exceeded with url: /api/qt/clist/get?pn=2&pz=100&po=1&np=1&ut=bd1d9ddb04089700cf9c27f6f7426281&fltt=2&invt=2&fid=f12&fs=m%3A0+t%3A6%2Cm%3A0+t%3A80%2Cm%3A1+t%3A2%2Cm%3A1+t%3A23%2Cm%3A0+t%3A81+s%3A2048&fields=f1%2Cf2%2Cf3%2Cf4%2Cf5%2Cf6%2Cf7%2Cf8%2Cf9%2Cf10%2Cf12%2Cf13%2Cf14%2Cf15%2Cf16%2Cf17%2Cf18%2Cf20%2Cf21%2Cf23%2Cf24%2Cf25%2Cf22%2Cf11%2Cf62%2Cf128%2Cf136%2Cf115%2Cf152 (Caused by SSLError(SSLError(1, '[SSL: DECRYPTION_FAILED_OR_BAD_RECORD_MAC] decryption failed or bad record mac (_ssl.c:2657)')))
urllib3.exceptions.SSLError: [SSL: DECRYPTION_FAILED_OR_BAD_RECORD_MAC] decryption failed or bad record mac (_ssl.c:2657)

The above exception was the direct cause of the following exception:

Traceback (most recent call last):
  File "E:\application\anaconda\Lib\site-packages\requests\adapters.py", line 644, in send
    resp = conn.urlopen(
        method=request.method,
    ...<9 lines>...
        chunked=chunked,
    )
  File "E:\application\anaconda\Lib\site-packages\urllib3\connectionpool.py", line 841, in urlopen
    retries = retries.increment(
        method, url, error=new_e, _pool=self, _stacktrace=sys.exc_info()[2]
    )
  File "E:\application\anaconda\Lib\site-packages\urllib3\util\retry.py", line 519, in increment
    raise MaxRetryError(_pool, url, reason) from reason  # type: ignore[arg-type]
    ^^^^^^^^^^^^^^^^^^^^^^^^^^^^^^^^^^^^^^^^^^^^^^^^^^^
urllib3.exceptions.MaxRetryError: HTTPSConnectionPool(host='82.push2.eastmoney.com', port=443): Max retries exceeded with url: /api/qt/clist/get?pn=2&pz=100&po=1&np=1&ut=bd1d9ddb04089700cf9c27f6f7426281&fltt=2&invt=2&fid=f12&fs=m%3A0+t%3A6%2Cm%3A0+t%3A80%2Cm%3A1+t%3A2%2Cm%3A1+t%3A23%2Cm%3A0+t%3A81+s%3A2048&fields=f1%2Cf2%2Cf3%2Cf4%2Cf5%2Cf6%2Cf7%2Cf8%2Cf9%2Cf10%2Cf12%2Cf13%2Cf14%2Cf15%2Cf16%2Cf17%2Cf18%2Cf20%2Cf21%2Cf23%2Cf24%2Cf25%2Cf22%2Cf11%2Cf62%2Cf128%2Cf136%2Cf115%2Cf152 (Caused by SSLError(SSLError(1, '[SSL: DECRYPTION_FAILED_OR_BAD_RECORD_MAC] decryption failed or bad record mac (_ssl.c:2657)')))

During handling of the above exception, another exception occurred:

Traceback (most recent call last):
  File "E:\CodeLocal\StakeTool\portfolio_alert\src\portfolio_alert\market_data.py", line 62, in _fetch_stock_spot
    return ak.stock_zh_a_spot_em()
           ~~~~~~~~~~~~~~~~~~~~~^^
  File "C:\Users\wangj\AppData\Roaming\Python\Python313\site-packages\akshare\stock_feature\stock_hist_em.py", line 36, in stock_zh_a_spot_em
    temp_df = fetch_paginated_data(url, params)
  File "C:\Users\wangj\AppData\Roaming\Python\Python313\site-packages\akshare\utils\func.py", line 50, in fetch_paginated_data
    r = request_with_retry(url, params=params, timeout=timeout)
  File "C:\Users\wangj\AppData\Roaming\Python\Python313\site-packages\akshare\utils\request.py", line 64, in request_with_retry
    raise last_exception
  File "C:\Users\wangj\AppData\Roaming\Python\Python313\site-packages\akshare\utils\request.py", line 52, in request_with_retry
    response = session.get(url, params=params, timeout=timeout)
  File "E:\application\anaconda\Lib\site-packages\requests\sessions.py", line 602, in get
    return self.request("GET", url, **kwargs)
           ~~~~~~~~~~~~^^^^^^^^^^^^^^^^^^^^^^
  File "E:\application\anaconda\Lib\site-packages\requests\sessions.py", line 589, in request
    resp = self.send(prep, **send_kwargs)
  File "E:\application\anaconda\Lib\site-packages\requests\sessions.py", line 703, in send
    r = adapter.send(request, **kwargs)
  File "E:\application\anaconda\Lib\site-packages\requests\adapters.py", line 675, in send
    raise SSLError(e, request=request)
requests.exceptions.SSLError: HTTPSConnectionPool(host='82.push2.eastmoney.com', port=443): Max retries exceeded with url: /api/qt/clist/get?pn=2&pz=100&po=1&np=1&ut=bd1d9ddb04089700cf9c27f6f7426281&fltt=2&invt=2&fid=f12&fs=m%3A0+t%3A6%2Cm%3A0+t%3A80%2Cm%3A1+t%3A2%2Cm%3A1+t%3A23%2Cm%3A0+t%3A81+s%3A2048&fields=f1%2Cf2%2Cf3%2Cf4%2Cf5%2Cf6%2Cf7%2Cf8%2Cf9%2Cf10%2Cf12%2Cf13%2Cf14%2Cf15%2Cf16%2Cf17%2Cf18%2Cf20%2Cf21%2Cf23%2Cf24%2Cf25%2Cf22%2Cf11%2Cf62%2Cf128%2Cf136%2Cf115%2Cf152 (Caused by SSLError(SSLError(1, '[SSL: DECRYPTION_FAILED_OR_BAD_RECORD_MAC] decryption failed or bad record mac (_ssl.c:2657)')))
2026-06-02 15:05:04,863 [INFO] 组合汇总: 市值 17615.80 元，总盈亏 228.00 元，收益率 1.31%
2026-06-02 15:05:24,864 [INFO] 非交易时段等待中
2026-06-02 15:06:24,865 [INFO] 非交易时段等待中
2026-06-02 15:06:36,415 [INFO] 收到退出信号
2026-06-02 15:06:36,415 [INFO] 程序退出
2026-06-02 17:19:12,320 [INFO] 程序启动
2026-06-02 17:19:12,321 [INFO] 读取持仓成功，共 4 条启用持仓
2026-06-02 17:19:20,057 [INFO] 收到退出信号
2026-06-02 17:19:20,058 [INFO] 程序退出
2026-06-02 17:19:32,908 [INFO] 程序启动
2026-06-02 17:19:32,909 [INFO] 读取持仓成功，共 4 条启用持仓
2026-06-02 17:19:59,122 [INFO] 收到退出信号
2026-06-02 17:19:59,122 [INFO] 程序退出
2026-06-02 17:20:39,919 [INFO] 程序启动
2026-06-02 17:20:39,921 [INFO] 读取持仓成功，共 4 条启用持仓
2026-06-02 17:21:48,634 [INFO] 收到退出信号
2026-06-02 17:21:48,634 [INFO] 程序退出
